2026-07-24 12:20:53,046 - error - ERROR - Unhandled Exception: 'dict object' has no attribute 'created_at'
Traceback (most recent call last):
  File "/opt/anaconda3/lib/python3.13/site-packages/flask/app.py", line 917, in full_dispatch_request
    rv = self.dispatch_request()
  File "/opt/anaconda3/lib/python3.13/site-packages/flask/app.py", line 902, in dispatch_request
    return self.ensure_sync(self.view_functions[rule.endpoint])(**view_args)  # type: ignore[no-any-return]
           ~~~~~~~~~~~~~~~~~~~~~~~~~~~~~~~~~~~~~~~~~~~~~~~~~~~~^^^^^^^^^^^^^
  File "/Users/vijaypatidar/vijay/Anshul/cico ai project/CareerPilotAI/backend/utils/decorators.py", line 20, in decorated_function
    return f(*args, **kwargs)
  File "/Users/vijaypatidar/vijay/Anshul/cico ai project/CareerPilotAI/backend/routes/profile.py", line 87, in history
    return render_template('profile/history.html',
                         chats=chats, resumes=resumes, interviews=interviews)
  File "/opt/anaconda3/lib/python3.13/site-packages/flask/templating.py", line 150, in render_template
    return _render(app, template, context)
  File "/opt/anaconda3/lib/python3.13/site-packages/flask/templating.py", line 131, in _render
    rv = template.render(context)
  File "/opt/anaconda3/lib/python3.13/site-packages/jinja2/environment.py", line 1295, in render
    self.environment.handle_exception()
    ~~~~~~~~~~~~~~~~~~~~~~~~~~~~~~~~~^^
  File "/opt/anaconda3/lib/python3.13/site-packages/jinja2/environment.py", line 942, in handle_exception
    raise rewrite_traceback_stack(source=source)
  File "/Users/vijaypatidar/vijay/Anshul/cico ai project/CareerPilotAI/templates/profile/history.html", line 1, in top-level template code
    {% extends "base.html" %}
  File "/Users/vijaypatidar/vijay/Anshul/cico ai project/CareerPilotAI/templates/base.html", line 50, in top-level template code
    {% block body %}
  File "/Users/vijaypatidar/vijay/Anshul/cico ai project/CareerPilotAI/templates/base.html", line 86, in block 'body'
    {% block content %}{% endblock %}
    ^^^^^^^^^^^^^^^^^^^^^
  File "/Users/vijaypatidar/vijay/Anshul/cico ai project/CareerPilotAI/templates/profile/history.html", line 48, in block 'content'
    <div class="activity-desc">{{ item.created_at.split(' ')[0] }}</div>
    
  File "/opt/anaconda3/lib/python3.13/site-packages/jinja2/environment.py", line 490, in getattr
    return getattr(obj, attribute)
jinja2.exceptions.UndefinedError: 'dict object' has no attribute 'created_at'
2026-07-24 12:20:57,835 - error - ERROR - Unhandled Exception: 'dict object' has no attribute 'created_at'
Traceback (most recent call last):
  File "/opt/anaconda3/lib/python3.13/site-packages/flask/app.py", line 917, in full_dispatch_request
    rv = self.dispatch_request()
  File "/opt/anaconda3/lib/python3.13/site-packages/flask/app.py", line 902, in dispatch_request
    return self.ensure_sync(self.view_functions[rule.endpoint])(**view_args)  # type: ignore[no-any-return]
           ~~~~~~~~~~~~~~~~~~~~~~~~~~~~~~~~~~~~~~~~~~~~~~~~~~~~^^^^^^^^^^^^^
  File "/Users/vijaypatidar/vijay/Anshul/cico ai project/CareerPilotAI/backend/utils/decorators.py", line 20, in decorated_function
    return f(*args, **kwargs)
  File "/Users/vijaypatidar/vijay/Anshul/cico ai project/CareerPilotAI/backend/routes/profile.py", line 87, in history
    return render_template('profile/history.html',
                         chats=chats, resumes=resumes, interviews=interviews)
  File "/opt/anaconda3/lib/python3.13/site-packages/flask/templating.py", line 150, in render_template
    return _render(app, template, context)
  File "/opt/anaconda3/lib/python3.13/site-packages/flask/templating.py", line 131, in _render
    rv = template.render(context)
  File "/opt/anaconda3/lib/python3.13/site-packages/jinja2/environment.py", line 1295, in render
    self.environment.handle_exception()
    ~~~~~~~~~~~~~~~~~~~~~~~~~~~~~~~~~^^
  File "/opt/anaconda3/lib/python3.13/site-packages/jinja2/environment.py", line 942, in handle_exception
    raise rewrite_traceback_stack(source=source)
  File "/Users/vijaypatidar/vijay/Anshul/cico ai project/CareerPilotAI/templates/profile/history.html", line 1, in top-level template code
    {% extends "base.html" %}
  File "/Users/vijaypatidar/vijay/Anshul/cico ai project/CareerPilotAI/templates/base.html", line 50, in top-level template code
    {% block body %}
  File "/Users/vijaypatidar/vijay/Anshul/cico ai project/CareerPilotAI/templates/base.html", line 86, in block 'body'
    {% block content %}{% endblock %}
    ^^^^^^^^^^^^^^^^^^^^^
  File "/Users/vijaypatidar/vijay/Anshul/cico ai project/CareerPilotAI/templates/profile/history.html", line 48, in block 'content'
    <div class="activity-desc">{{ item.created_at.split(' ')[0] }}</div>
    
  File "/opt/anaconda3/lib/python3.13/site-packages/jinja2/environment.py", line 490, in getattr
    return getattr(obj, attribute)
jinja2.exceptions.UndefinedError: 'dict object' has no attribute 'created_at'
2026-07-24 12:20:59,081 - error - ERROR - Unhandled Exception: 'dict object' has no attribute 'created_at'
Traceback (most recent call last):
  File "/opt/anaconda3/lib/python3.13/site-packages/flask/app.py", line 917, in full_dispatch_request
    rv = self.dispatch_request()
  File "/opt/anaconda3/lib/python3.13/site-packages/flask/app.py", line 902, in dispatch_request
    return self.ensure_sync(self.view_functions[rule.endpoint])(**view_args)  # type: ignore[no-any-return]
           ~~~~~~~~~~~~~~~~~~~~~~~~~~~~~~~~~~~~~~~~~~~~~~~~~~~~^^^^^^^^^^^^^
  File "/Users/vijaypatidar/vijay/Anshul/cico ai project/CareerPilotAI/backend/utils/decorators.py", line 20, in decorated_function
    return f(*args, **kwargs)
  File "/Users/vijaypatidar/vijay/Anshul/cico ai project/CareerPilotAI/backend/routes/profile.py", line 87, in history
    return render_template('profile/history.html',
                         chats=chats, resumes=resumes, interviews=interviews)
  File "/opt/anaconda3/lib/python3.13/site-packages/flask/templating.py", line 150, in render_template
    return _render(app, template, context)
  File "/opt/anaconda3/lib/python3.13/site-packages/flask/templating.py", line 131, in _render
    rv = template.render(context)
  File "/opt/anaconda3/lib/python3.13/site-packages/jinja2/environment.py", line 1295, in render
    self.environment.handle_exception()
    ~~~~~~~~~~~~~~~~~~~~~~~~~~~~~~~~~^^
  File "/opt/anaconda3/lib/python3.13/site-packages/jinja2/environment.py", line 942, in handle_exception
    raise rewrite_traceback_stack(source=source)
  File "/Users/vijaypatidar/vijay/Anshul/cico ai project/CareerPilotAI/templates/profile/history.html", line 1, in top-level template code
    {% extends "base.html" %}
  File "/Users/vijaypatidar/vijay/Anshul/cico ai project/CareerPilotAI/templates/base.html", line 50, in top-level template code
    {% block body %}
  File "/Users/vijaypatidar/vijay/Anshul/cico ai project/CareerPilotAI/templates/base.html", line 86, in block 'body'
    {% block content %}{% endblock %}
    ^^^^^^^^^^^^^^^^^^^^^
  File "/Users/vijaypatidar/vijay/Anshul/cico ai project/CareerPilotAI/templates/profile/history.html", line 48, in block 'content'
    <div class="activity-desc">{{ item.created_at.split(' ')[0] }}</div>
    
  File "/opt/anaconda3/lib/python3.13/site-packages/jinja2/environment.py", line 490, in getattr
    return getattr(obj, attribute)
jinja2.exceptions.UndefinedError: 'dict object' has no attribute 'created_at'
2026-07-24 14:02:30,033 - error - ERROR - Unhandled Exception: 'dict object' has no attribute 'created_at'
Traceback (most recent call last):
  File "/opt/anaconda3/lib/python3.13/site-packages/flask/app.py", line 917, in full_dispatch_request
    rv = self.dispatch_request()
  File "/opt/anaconda3/lib/python3.13/site-packages/flask/app.py", line 902, in dispatch_request
    return self.ensure_sync(self.view_functions[rule.endpoint])(**view_args)  # type: ignore[no-any-return]
           ~~~~~~~~~~~~~~~~~~~~~~~~~~~~~~~~~~~~~~~~~~~~~~~~~~~~^^^^^^^^^^^^^
  File "/Users/vijaypatidar/vijay/Anshul/cico ai project/CareerPilotAI/backend/utils/decorators.py", line 20, in decorated_function
    return f(*args, **kwargs)
  File "/Users/vijaypatidar/vijay/Anshul/cico ai project/CareerPilotAI/backend/routes/profile.py", line 90, in history
    return render_template('profile/history.html',
                         chats=chats, resumes=resumes, interviews=interviews)
  File "/opt/anaconda3/lib/python3.13/site-packages/flask/templating.py", line 150, in render_template
    return _render(app, template, context)
  File "/opt/anaconda3/lib/python3.13/site-packages/flask/templating.py", line 131, in _render
    rv = template.render(context)
  File "/opt/anaconda3/lib/python3.13/site-packages/jinja2/environment.py", line 1295, in render
    self.environment.handle_exception()
    ~~~~~~~~~~~~~~~~~~~~~~~~~~~~~~~~~^^
  File "/opt/anaconda3/lib/python3.13/site-packages/jinja2/environment.py", line 942, in handle_exception
    raise rewrite_traceback_stack(source=source)
  File "/Users/vijaypatidar/vijay/Anshul/cico ai project/CareerPilotAI/templates/profile/history.html", line 1, in top-level template code
    {% extends "base.html" %}
  File "/Users/vijaypatidar/vijay/Anshul/cico ai project/CareerPilotAI/templates/base.html", line 50, in top-level template code
    {% block body %}
  File "/Users/vijaypatidar/vijay/Anshul/cico ai project/CareerPilotAI/templates/base.html", line 86, in block 'body'
    {% block content %}{% endblock %}
    ^^^^^^^^^^^^^^^^^^^^^
  File "/Users/vijaypatidar/vijay/Anshul/cico ai project/CareerPilotAI/templates/profile/history.html", line 48, in block 'content'
    <div class="activity-desc">{{ item.created_at.split(' ')[0] }}</div>
    
  File "/opt/anaconda3/lib/python3.13/site-packages/jinja2/environment.py", line 490, in getattr
    return getattr(obj, attribute)
jinja2.exceptions.UndefinedError: 'dict object' has no attribute 'created_at'
