2026-07-26 23:23:30,778 - scheduler - INFO - 
========== BACKGROUND JOB ==========
Task        : AI Job Refresh
User ID     : 12
Started     : Yes
Duration    : 3779 ms
Result      : Success
=====================================
2026-07-26 23:23:51,637 - scheduler - INFO - 
========== BACKGROUND JOB ==========
Task        : AI Job Refresh
User ID     : 12
Started     : Yes
Duration    : 3210 ms
Result      : Success
=====================================
2026-07-26 23:25:23,792 - scheduler - INFO - 
========== BACKGROUND JOB ==========
Task        : AI Job Refresh
User ID     : 12
Started     : Yes
Duration    : 3623 ms
Result      : Success
=====================================
2026-07-26 23:32:57,256 - scheduler - INFO - 
========== BACKGROUND JOB ==========
Task        : AI Job Refresh
User ID     : 12
Started     : Yes
Duration    : 3267 ms
Result      : Success
=====================================
2026-07-27 09:34:11,670 - scheduler - INFO - 
========== BACKGROUND JOB ==========
Task        : AI Job Refresh
User ID     : 12
Started     : Yes
Duration    : 13234 ms
Result      : Success
=====================================
2026-07-27 09:39:38,230 - scheduler - INFO - 
========== BACKGROUND JOB ==========
Task        : AI Job Refresh
User ID     : 12
Started     : Yes
Duration    : 6484 ms
Result      : Success
=====================================
2026-07-27 09:40:27,951 - scheduler - INFO - 
========== BACKGROUND JOB ==========
Task        : AI Job Refresh
User ID     : 13
Started     : Yes
Duration    : 2892 ms
Result      : Success
=====================================
2026-07-27 09:40:48,010 - scheduler - INFO - 
========== BACKGROUND JOB ==========
Task        : AI Job Refresh
User ID     : 13
Started     : Yes
Duration    : 1065 ms
Result      : Success
=====================================
2026-07-27 09:40:53,637 - scheduler - INFO - 
========== BACKGROUND JOB ==========
Task        : Daily Resume Optimization
User ID     : 13
Started     : Yes
Duration    : 28578 ms
Result      : Failed (name 'Config' is not defined)
=====================================
2026-07-27 10:32:13,763 - scheduler - INFO - 
========== BACKGROUND JOB ==========
Task        : AI Job Refresh
User ID     : 13
Started     : Yes
Duration    : 2850 ms
Result      : Success
=====================================
2026-07-27 10:32:40,930 - scheduler - INFO - 
========== BACKGROUND JOB ==========
Task        : AI Resume Build
User ID     : 13
Started     : Yes
Duration    : 28659 ms
Result      : Failed (name 'Config' is not defined)
=====================================
2026-07-27 11:21:12,521 - scheduler - INFO - 
========== BACKGROUND JOB ==========
Task        : AI Resume Build
User ID     : 13
Started     : Yes
Duration    : 38517 ms
Result      : Success
=====================================
2026-07-27 16:23:25,736 - scheduler - INFO - 
========== BACKGROUND JOB ==========
Task        : AI Job Refresh
User ID     : 13
Started     : Yes
Duration    : 4218 ms
Result      : Success
=====================================
